../Core/Src/flight_algorithm.c:125:13:transition_to_phase	16	static
../Core/Src/flight_algorithm.c:153:6:flight_algorithm_init	8	static
../Core/Src/flight_algorithm.c:161:6:flight_algorithm_reset	4	static
../Core/Src/flight_algorithm.c:198:16:check_launch_condition	24	static
../Core/Src/flight_algorithm.c:219:16:check_burnout_condition	24	static
../Core/Src/flight_algorithm.c:248:16:check_apogee_condition	16	static
../Core/Src/flight_algorithm.c:270:16:check_angle_threshold	16	static
../Core/Src/flight_algorithm.c:279:16:check_main_altitude	16	static
../Core/Src/flight_algorithm.c:288:16:check_landing_condition	16	static
../Core/Src/flight_algorithm.c:313:6:flight_algorithm_update	24	static
../Core/Src/flight_algorithm.c:467:14:calculate_total_acceleration	16	static
../Core/Src/flight_algorithm.c:482:15:flight_algorithm_get_phase	4	static
../Core/Src/flight_algorithm.c:491:15:flight_algorithm_get_previous_phase	4	static
../Core/Src/flight_algorithm.c:500:10:flight_algorithm_get_status_bits	4	static
../Core/Src/flight_algorithm.c:509:10:flight_algorithm_get_start_time	4	static
../Core/Src/flight_algorithm.c:518:9:flight_algorithm_is_armed	4	static
../Core/Src/flight_algorithm.c:527:9:flight_algorithm_is_drogue_deployed	4	static
../Core/Src/flight_algorithm.c:536:9:flight_algorithm_is_main_deployed	4	static
../Core/Src/flight_algorithm.c:552:6:flight_algorithm_set_parameters	24	static
../Core/Src/flight_algorithm.c:567:6:flight_algorithm_abort	8	static
