../Core/Src/main.c:255:5:main	8	static
../Core/Src/main.c:377:6:SystemClock_Config	88	static
../Core/Src/main.c:426:9:bmi_imu_init	8	static
../Core/Src/main.c:454:6:HAL_GPIO_EXTI_Callback	16	static
../Core/Src/main.c:475:6:HAL_UART_TxCpltCallback	16	static
../Core/Src/main.c:488:6:uart2_send_packet_dma	16	static
../Core/Src/main.c:503:6:HAL_UARTEx_RxEventCallback	16	static
../Core/Src/main.c:520:6:HAL_I2C_MemRxCpltCallback	16	static
../Core/Src/main.c:553:6:StartTelemetryTask	168	static
../Core/Src/main.c:601:6:StartBMITask	72	static
../Core/Src/main.c:655:6:StartBMETask	48	static
../Core/Src/main.c:700:6:StartSensorFusionTask	136	static
../Core/Src/main.c:778:6:StartADCTask	40	static
../Core/Src/main.c:817:6:StartGNSSTask	48	static
../Core/Src/main.c:860:6:StartDataLoggerTask	168	static
../Core/Src/main.c:903:6:lora_init	8	static
../Core/Src/main.c:932:6:bme280_begin	8	static
../Core/Src/main.c:945:6:read_ADC	8	static
../Core/Src/main.c:993:6:lora_send_packet_dma	16	static
../Core/Src/main.c:1011:6:HAL_TIM_PeriodElapsedCallback	16	static
../Core/Src/main.c:1029:6:Error_Handler	4	static,ignoring_inline_asm
