../Core/Src/main.c:197:5:main	8	static
../Core/Src/main.c:319:6:SystemClock_Config	88	static
../Core/Src/main.c:368:9:bmi_imu_init	8	static
../Core/Src/main.c:396:6:HAL_GPIO_EXTI_Callback	16	static
../Core/Src/main.c:417:6:HAL_UART_TxCpltCallback	16	static
../Core/Src/main.c:430:6:uart2_send_packet_dma	16	static
../Core/Src/main.c:445:6:HAL_UARTEx_RxEventCallback	16	static
../Core/Src/main.c:462:6:HAL_I2C_MemRxCpltCallback	16	static
../Core/Src/main.c:495:6:StartTelemetryTask	168	static
../Core/Src/main.c:543:6:StartBMITask	72	static
../Core/Src/main.c:597:6:StartBMETask	48	static
../Core/Src/main.c:642:6:StartSensorFusionTask	136	static
../Core/Src/main.c:718:6:StartADCTask	40	static
../Core/Src/main.c:757:6:StartGNSSTask	48	static
../Core/Src/main.c:800:6:StartDataLoggerTask	168	static
../Core/Src/main.c:844:6:StartTestModeTask	96	static
../Core/Src/main.c:924:6:lora_init	8	static
../Core/Src/main.c:953:6:bme280_begin	8	static
../Core/Src/main.c:966:6:read_ADC	8	static
../Core/Src/main.c:1014:6:lora_send_packet_dma	16	static
../Core/Src/main.c:1032:6:HAL_TIM_PeriodElapsedCallback	16	static
../Core/Src/main.c:1050:6:Error_Handler	4	static,ignoring_inline_asm
