../Core/Src/main.c:191:5:main	8	static
../Core/Src/main.c:313:6:SystemClock_Config	88	static
../Core/Src/main.c:362:9:bmi_imu_init	8	static
../Core/Src/main.c:390:6:HAL_GPIO_EXTI_Callback	16	static
../Core/Src/main.c:411:6:HAL_UART_TxCpltCallback	16	static
../Core/Src/main.c:424:6:uart2_send_packet_dma	16	static
../Core/Src/main.c:439:6:HAL_UARTEx_RxEventCallback	16	static
../Core/Src/main.c:456:6:HAL_I2C_MemRxCpltCallback	16	static
../Core/Src/main.c:489:6:StartTelemetryTask	168	static
../Core/Src/main.c:537:6:StartBMITask	72	static
../Core/Src/main.c:591:6:StartBMETask	48	static
../Core/Src/main.c:636:6:StartSensorFusionTask	136	static
../Core/Src/main.c:712:6:StartADCTask	40	static
../Core/Src/main.c:751:6:StartGNSSTask	48	static
../Core/Src/main.c:794:6:StartDataLoggerTask	168	static
../Core/Src/main.c:838:6:StartTestModeTask	96	static
../Core/Src/main.c:918:6:lora_init	8	static
../Core/Src/main.c:947:6:bme280_begin	8	static
../Core/Src/main.c:960:6:read_ADC	8	static
../Core/Src/main.c:1008:6:lora_send_packet_dma	16	static
../Core/Src/main.c:1026:6:HAL_TIM_PeriodElapsedCallback	16	static
../Core/Src/main.c:1044:6:Error_Handler	4	static,ignoring_inline_asm
