../Core/Src/stm32f4xx_it.c:82:6:NMI_Handler	4	static
../Core/Src/stm32f4xx_it.c:97:6:HardFault_Handler	4	static
../Core/Src/stm32f4xx_it.c:112:6:MemManage_Handler	4	static
../Core/Src/stm32f4xx_it.c:127:6:BusFault_Handler	4	static
../Core/Src/stm32f4xx_it.c:142:6:UsageFault_Handler	4	static
../Core/Src/stm32f4xx_it.c:157:6:DebugMon_Handler	4	static
../Core/Src/stm32f4xx_it.c:177:6:EXTI3_IRQHandler	8	static
../Core/Src/stm32f4xx_it.c:191:6:EXTI4_IRQHandler	8	static
../Core/Src/stm32f4xx_it.c:205:6:DMA1_Stream0_IRQHandler	8	static
../Core/Src/stm32f4xx_it.c:219:6:DMA1_Stream4_IRQHandler	8	static
../Core/Src/stm32f4xx_it.c:233:6:DMA1_Stream6_IRQHandler	8	static
../Core/Src/stm32f4xx_it.c:247:6:TIM2_IRQHandler	8	static
../Core/Src/stm32f4xx_it.c:261:6:I2C1_EV_IRQHandler	8	static
../Core/Src/stm32f4xx_it.c:275:6:USART2_IRQHandler	8	static
../Core/Src/stm32f4xx_it.c:289:6:UART4_IRQHandler	8	static
../Core/Src/stm32f4xx_it.c:303:6:TIM6_DAC_IRQHandler	8	static
../Core/Src/stm32f4xx_it.c:317:6:DMA2_Stream2_IRQHandler	8	static
../Core/Src/stm32f4xx_it.c:331:6:USART6_IRQHandler	8	static
